[crypto-bridge.org/index.html]
[backblue.gif]
[fade.gif]
[index.html]
[maxcdn.bootstrapcdn.com/font-awesome/4.3.0/css/font-awesome.min.css]
[crypto-bridge.org/css/themify-icons.css]
[maxcdn.bootstrapcdn.com/bootstrap/3.3.2/css/bootstrap.min.css]
[crypto-bridge.org/css/style.default.css]
[crypto-bridge.org/favicon.ico]
[crypto-bridge.org/apple-touch-icon.png]
[crypto-bridge.org/favicon-32x32.png]
[crypto-bridge.org/favicon-16x16.png]
[crypto-bridge.org/manifest.json]
[cdnjs.cloudflare.com/ajax/libs/normalize/5.0.0/normalize.min.css]
[crypto-bridge.org/safari-pinned-tab.svg]
[crypto-bridge.org/css/accordion.css]
[crypto-bridge.org/css/normalize.css]
[crypto-bridge.org/css/component.css]
[platform-api.sharethis.com/js/sharethis.js]
[crypto-bridge.org/img/cryptobridge-logo.svg]
[crypto-bridge.org/index-2.html]
[crypto-bridge.org/img/logo.png]
[crypto-bridge.org/addcoin.html]
[crypto-bridge.org/img/template-homepage.png]
[crypto-bridge.org/img/downsides.svg]
[crypto-bridge.org/img/cb-perspective.png]
[crypto-bridge.org/img/dex-chart.png]
[crypto-bridge.org/img/roadmap-new.jpg]
[crypto-bridge.org/img/discord.png]
[crypto-bridge.org/cdn-cgi/l/email-protection.html]
[crypto-bridge.org/cdn-cgi/scripts/f2bf09f8/cloudflare-static/email-decode.min.js]
[ajax.googleapis.com/ajax/libs/jquery/1.11.0/jquery.min.js]
[crypto-bridge.org/js/jquery.sticky.js]
[crypto-bridge.org/js/jquery.scrollTo.min.js]
[maxcdn.bootstrapcdn.com/bootstrap/3.3.2/js/bootstrap.min.js]
[crypto-bridge.org/js/jquery.cookie.js]
[crypto-bridge.org/js/EasePack.min.js]
[crypto-bridge.org/js/TweenLite.min.js]
[crypto-bridge.org/js/jquery-1.11.0.min.js]
[crypto-bridge.org/js/rAF.js]
[crypto-bridge.org/index.html]
[crypto-bridge.org/js/demo-1.js]
[maxcdn.bootstrapcdn.com/font-awesome/4.3.0/css/font-awesome.min.css]
[crypto-bridge.org/css/fonts/themify9f24.eot]
[crypto-bridge.org/css/fonts/themifyd41d.eot]
[crypto-bridge.org/css/fonts/themify9f24.woff]
[crypto-bridge.org/css/fonts/themify9f24.ttf]
[crypto-bridge.org/css/themify-icons.css]
[maxcdn.bootstrapcdn.com/bootstrap/3.3.2/css/bootstrap.min.css]
[crypto-bridge.org/css/fonts/themify9f24.svg]
[crypto-bridge.org/img/demo-1-bg.jpg]
[crypto-bridge.org/css/style.default.css]
[crypto-bridge.org/safari-pinned-tab.svg]
[cdnjs.cloudflare.com/ajax/libs/normalize/5.0.0/normalize.min.css]
[crypto-bridge.org/css/accordion.css]
[crypto-bridge.org/css/normalize.css]
[crypto-bridge.org/css/component.css]
[crypto-bridge.org/img/cryptobridge-logo.svg]
[crypto-bridge.org/index-2.html]
[crypto-bridge.org/addcoin.html]
[crypto-bridge.org/img/downsides.html]
[crypto-bridge.org/cdn-cgi/l/email-protection.html]
[crypto-bridge.org/css/fonts/themify9f24.svg]
[cdnjs.cloudflare.com/ajax/libs/jquery-validate/1.17.0/jquery.validate.min.js]
[crypto-bridge.org/index-3.html]
[crypto-bridge.org/index-3.html]
