[hackspace.capital/index.html]
[backblue.gif]
[fade.gif]
[index.html]
[hackspace.capital/favicon.ico]
[hackspace.capital/news/rss/index.html]
[hackspace.capital/adm/css/errors.css]
[hackspace.capital/css/prettyPhoto.css]
[hackspace.capital/css/custom-theme/jquery-ui-1.8.18.custom.css]
[hackspace.capital/custom/2017/js/app/pSelect/pSelect.css]
[hackspace.capital/custom/2017/css/main.css]
[hackspace.capital/custom/2017/images/logo.png]
[hackspace.capital/hackspace-net.html]
[hackspace.capital/services.html]
[hackspace.capital/newsmedia/news.html]
[hackspace.capital/custom/2017/images/logo-footer.png]
[ajax.googleapis.com/ajax/libs/jquery/2.0.0/jquery.min.js]
[hackspace.capital/custom/2017/images/art_mobile-01.svg]
[hackspace.capital/custom/2017/images/crypto/BCH.svg]
[hackspace.capital/custom/2017/images/art-01.svg]
[hackspace.capital/ru/index.html]
[hackspace.capital/custom/2017/images/crypto/ethereum_ETH.svg]
[hackspace.capital/custom/2017/images/crypto/LTC.svg]
[hackspace.capital/custom/2017/images/crypto/waves.svg]
[hackspace.capital/custom/2017/images/crypto/xrp.svg]
[hackspace.capital/custom/2017/images/crypto/BTC.svg]
[hackspace.capital/custom/2017/images/crypto/ZEC.svg]
[hackspace.capital/custom/2017/images/crypto/visa.svg]
[hackspace.capital/privacy_policy_hackspace.pdf]
[yandex.st/jquery/2.0.3/jquery.min.js]
[yandex.st/jquery/form/3.14/jquery.form.min.js]
[yandex.st/jquery-ui/1.10.3/jquery-ui.min.js]
[hackspace.capital/custom/2017/images/crypto/master_card.svg]
[hackspace.capital/js/timepicker.js]
[hackspace.capital/js/jquery.scrollTo.min.js]
[hackspace.capital/js/jquery.maskedinput.js]
[hackspace.capital/js/jquery.touchSwipe.min.js]
[hackspace.capital/js/extsrc.js]
[hackspace.capital/js/site.js]
[hackspace.capital/js/jquery.prettyPhoto.js]
[hackspace.capital/custom/2017/js/app/Swiper-3.4.2/dist/js/swiper.min.js]
[hackspace.capital/custom/2017/js/app/jquery.bpopup.min.js]
[hackspace.capital/custom/2017/js/app/share/share.js]
[hackspace.capital/custom/2017/js/app/pSelect/pSelect.js]
[hackspace.capital/custom/2017/js/app/totop/totop.js]
[hackspace.capital/custom/2017/js/map.js]
[hackspace.capital/custom/2017/js/script.js]
[hackspace.capital/custom/2017/js/main.js]
[hackspace.capital/index.html]
[www.googletagmanager.com/gtm5445.html]
[hackspace.capital/adm/css/errors.css]
[hackspace.capital/js/particles.js]
[hackspace.capital/img/prettyPhoto/default/sprite.png]
[hackspace.capital/img/prettyPhoto/default/sprite_x.png]
[hackspace.capital/img/prettyPhoto/default/sprite_y.png]
[hackspace.capital/img/prettyPhoto/default/sprite_next.png]
[hackspace.capital/img/prettyPhoto/default/sprite_prev.png]
[hackspace.capital/img/prettyPhoto/default/default_thumb.png]
[hackspace.capital/img/prettyPhoto/default/loader.gif]
[hackspace.capital/img/prettyPhoto/light_rounded/sprite.png]
[hackspace.capital/img/prettyPhoto/light_rounded/btnNext.png]
[hackspace.capital/img/prettyPhoto/light_rounded/btnPrevious.png]
[hackspace.capital/img/prettyPhoto/dark_rounded/sprite.png]
[hackspace.capital/img/prettyPhoto/dark_rounded/contentPattern.png]
[hackspace.capital/img/prettyPhoto/dark_rounded/btnNext.png]
[hackspace.capital/img/prettyPhoto/dark_rounded/btnPrevious.png]
[hackspace.capital/img/prettyPhoto/dark_rounded/loader.gif]
[hackspace.capital/img/prettyPhoto/dark_square/loader.gif]
[hackspace.capital/img/prettyPhoto/dark_square/sprite.png]
[hackspace.capital/img/prettyPhoto/dark_square/btnNext.png]
[hackspace.capital/img/prettyPhoto/dark_square/btnPrevious.png]
[hackspace.capital/img/prettyPhoto/light_square/sprite.png]
[hackspace.capital/img/prettyPhoto/light_square/btnNext.png]
[hackspace.capital/img/prettyPhoto/light_square/btnPrevious.png]
[hackspace.capital/img/prettyPhoto/facebook/sprite.png]
[hackspace.capital/img/prettyPhoto/facebook/contentPatternTop.png]
[hackspace.capital/img/prettyPhoto/facebook/contentPatternLeft.png]
[hackspace.capital/img/prettyPhoto/facebook/contentPatternRight.png]
[hackspace.capital/img/prettyPhoto/facebook/loader.gif]
[hackspace.capital/img/prettyPhoto/facebook/btnNext.png]
[hackspace.capital/img/prettyPhoto/facebook/btnPrevious.png]
[hackspace.capital/img/prettyPhoto/facebook/contentPatternBottom.png]
[hackspace.capital/img/prettyPhoto/facebook/default_thumbnail.gif]
[hackspace.capital/img/prettyPhoto/light_rounded/loader.gif]
[hackspace.capital/css/prettyPhoto.css]
[hackspace.capital/css/custom-theme/images/ui-bg_flat_75_ffffff_40x100.png]
[hackspace.capital/css/custom-theme/images/ui-bg_inset-hard_75_ececec_1x100.png]
[hackspace.capital/css/custom-theme/images/ui-bg_inset-hard_65_dedede_1x100.png]
[hackspace.capital/css/custom-theme/images/ui-bg_flat_55_edf4e8_40x100.png]
[hackspace.capital/css/custom-theme/images/ui-bg_flat_95_f7eded_40x100.png]
[hackspace.capital/css/custom-theme/images/ui-icons_222222_256x240.png]
[hackspace.capital/css/custom-theme/images/ui-icons_888888_256x240.png]
[hackspace.capital/css/custom-theme/images/ui-icons_454545_256x240.png]
[hackspace.capital/css/custom-theme/images/ui-icons_5da333_256x240.png]
[hackspace.capital/css/custom-theme/images/ui-icons_c05f5f_256x240.png]
[hackspace.capital/css/custom-theme/images/ui-bg_flat_0_aaaaaa_40x100.png]
[hackspace.capital/css/custom-theme/jquery-ui-1.8.18.custom.css]
[hackspace.capital/custom/2017/js/app/pSelect/pSelect.css]
[hackspace.capital/custom/2017/js/app/Swiper-3.4.2/dist/css/swiper.css]
[hackspace.capital/custom/2017/fonts/ubuntu-regular.ttf]
[hackspace.capital/custom/2017/fonts/ubuntu-bold.ttf]
[hackspace.capital/custom/2017/fonts/fontawesome.ttf]
[hackspace.capital/custom/2017/images/icon-s3017f33933.png]
[hackspace.capital/custom/2017/images/social/facebook-01.svg]
[hackspace.capital/custom/2017/images/social/telegram-01.svg]
[hackspace.capital/custom/2017/images/social/medium-01.svg]
[hackspace.capital/custom/2017/images/social/twitter-01.svg]
[hackspace.capital/custom/2017/images/social/instagram-01.svg]
[hackspace.capital/custom/2017/images/hacs.png]
[hackspace.capital/custom/2017/images/honeycomb.png]
[hackspace.capital/custom/2017/images/li.png]
[hackspace.capital/custom/2017/js/app/totop/ui.totop.png]
[hackspace.capital/custom/2017/images/mb-bg.png]
[hackspace.capital/custom/2017/images/banner-arrow.png]
[hackspace.capital/custom/2017/css/main.css]
[hackspace.capital/ru/hackspace-net.html]
[hackspace.capital/userfls/editor/large/69_hackspace.jpg]
[hackspace.capital/userfls/editor/large/70_production.jpg]
[hackspace.capital/hackspace-net.html]
[hackspace.capital/ru/services.html]
[hackspace.capital/userfls/clauses/medium/162_shield.jpg]
[hackspace.capital/service/proizvodstvo/shield.html]
[hackspace.capital/userfls/clauses/medium/158_singular.jpg]
[hackspace.capital/service/category-1/singular.html]
[hackspace.capital/userfls/clauses/medium/157_ironlogic.jpg]
[hackspace.capital/service/category-1/ironlogic.html]
[hackspace.capital/userfls/clauses/medium/156_vironit.jpg]
[hackspace.capital/service/category-1/vironit.html]
[hackspace.capital/userfls/clauses/medium/154_encata.jpg]
[hackspace.capital/service/category-2/innovax.html]
[hackspace.capital/userfls/clauses/medium/151_sotis.jpg]
[hackspace.capital/service/category-1/sotis.html]
[hackspace.capital/userfls/clauses/medium/150_samocat.jpg]
[hackspace.capital/service/category-3/samocat.html]
[hackspace.capital/userfls/clauses/medium/149_easy-standart.jpg]
[hackspace.capital/service/category-1/easy-standart.html]
[hackspace.capital/userfls/clauses/medium/148_promwad.jpg]
[hackspace.capital/service/category-2/promwad.html]
[hackspace.capital/userfls/clauses/medium/155_innovax.jpg]
[hackspace.capital/service/category-1/encata.html]
[hackspace.capital/services.html]
[hackspace.capital/ru/newsmedia/news.html]
[hackspace.capital/newsmedia/media.html]
[hackspace.capital/userfls/news/medium/173_petr-dudin-na-glavnoy-stsene.jpg]
[hackspace.capital/userfls/news/medium/171_kuwait-foundation-for-the-advancement-of-science.jpg]
[hackspace.capital/userfls/news/medium/169_hackspace-capital-token-sale-uspeshno-zav.jpg]
[hackspace.capital/userfls/news/medium/168_nazarbayev-university-tour.jpg]
[hackspace.capital/userfls/news/medium/167_hackspace-capital-is-listed-on-three-more-ico-rati.jpg]
[hackspace.capital/userfls/news/medium/166_features-of-launching-innovative-medical-products.jpg]
[hackspace.capital/newsmedia/news/page2.html]
[hackspace.capital/newsmedia/news/page3.html]
[hackspace.capital/newsmedia/news/page4.html]
[hackspace.capital/newsmedia/news/page5.html]
[hackspace.capital/newsmedia/news/page6.html]
[hackspace.capital/newsmedia/news/page7.html]
[hackspace.capital/newsmedia/news/page8.html]
[hackspace.capital/newsmedia/news.html]
[hackspace.capital/ru/index.html]
[hackspace.capital/custom/2017/images/art-01.svg]
[hackspace.capital/custom/2017/images/art_mobile-01.svg]
[hackspace.capital/custom/2017/images/crypto/BCH.svg]
[hackspace.capital/custom/2017/images/crypto/ethereum_ETH.svg]
[hackspace.capital/custom/2017/images/crypto/LTC.svg]
[hackspace.capital/custom/2017/images/crypto/waves.svg]
[hackspace.capital/custom/2017/images/crypto/xrp.svg]
[hackspace.capital/custom/2017/images/crypto/BTC.svg]
[hackspace.capital/custom/2017/images/crypto/ZEC.svg]
[hackspace.capital/custom/2017/images/crypto/visa.svg]
[hackspace.capital/custom/2017/images/crypto/master_card.svg]
[yandex.st/jquery/2.0.3/jquery.min.js]
[yandex.st/jquery/form/3.14/jquery.form.min.js]
[yandex.st/jquery-ui/1.10.3/jquery-ui.min.js]
[hackspace.capital/custom/2017/js/app/Swiper-3.4.2/dist/css/swiper.css]
[hackspace.capital/custom/2017/images/social/telegram-01.svg]
[hackspace.capital/custom/2017/images/social/facebook-01.svg]
[hackspace.capital/custom/2017/images/social/medium-01.svg]
[hackspace.capital/custom/2017/images/social/twitter-01.svg]
[hackspace.capital/custom/2017/images/social/instagram-01.svg]
[hackspace.capital/ru/hackspace-net.html]
[hackspace.capital/ru/service/proizvodstvo/shield.html]
[hackspace.capital/ru/service/category-1/singular.html]
[hackspace.capital/ru/service/category-1/ironlogic.html]
[hackspace.capital/ru/service/category-1/vironit.html]
[hackspace.capital/ru/service/category-2/innovax.html]
[hackspace.capital/ru/service/category-1/sotis.html]
[hackspace.capital/ru/service/category-3/samocat.html]
[hackspace.capital/ru/service/category-1/easy-standart.html]
[hackspace.capital/ru/service/category-2/promwad.html]
[hackspace.capital/ru/service/category-1/encata.html]
[hackspace.capital/ru/services.html]
[hackspace.capital/service/proizvodstvo/shield.html]
[hackspace.capital/service/category-1/singular.html]
[hackspace.capital/service/category-1/ironlogic.html]
[hackspace.capital/service/category-1/vironit.html]
[hackspace.capital/service/category-2/innovax.html]
[hackspace.capital/service/category-1/sotis.html]
[hackspace.capital/service/category-3/samocat.html]
[hackspace.capital/service/category-1/easy-standart.html]
[hackspace.capital/service/category-2/promwad.html]
[hackspace.capital/service/category-1/encata.html]
[hackspace.capital/ru/newsmedia/media.html]
[hackspace.capital/ru/newsmedia/news/page2.html]
[hackspace.capital/ru/newsmedia/news/page3.html]
[hackspace.capital/ru/newsmedia/news/page4.html]
[hackspace.capital/ru/newsmedia/news/page5.html]
[hackspace.capital/ru/newsmedia/news/page6.html]
[hackspace.capital/ru/newsmedia/news/page7.html]
[hackspace.capital/ru/newsmedia/news/page8.html]
[hackspace.capital/ru/newsmedia/news.html]
[hackspace.capital/userfls/news/medium/172_crypto-devices-by-rusbase.jpg]
[hackspace.capital/userfls/news/medium/170_review-of-belarus-as-the-silicon-valley-of-eastern.jpg]
[hackspace.capital/newsmedia/news/izobretatelnyy-blokcheyn-pokoryaet-mir-hardware.html]
[hackspace.capital/userfls/news/medium/147_cryptofeed-hackspace-capital-review.jpg]
[hackspace.capital/userfls/news/medium/140_hac-token-is-listed-on-coinmarketcap.jpg]
[hackspace.capital/userfls/news/medium/120_hackspace-capital-khochet-obedinit-.jpg]
[hackspace.capital/userfls/news/medium/59_invest-to-the-future-with-hackspace-capital.jpg]
[hackspace.capital/newsmedia/media/page2.html]
[hackspace.capital/newsmedia/media/page3.html]
[hackspace.capital/newsmedia/media/page4.html]
[hackspace.capital/newsmedia/media/page5.html]
[hackspace.capital/newsmedia/media/page6.html]
[hackspace.capital/newsmedia/media.html]
[hackspace.capital/userfls/news/medium/165_agile.jpg]
[hackspace.capital/userfls/news/medium/164_key-steps-towards-success-for-hardware-startups.jpg]
[hackspace.capital/userfls/news/medium/163_29215942_1786839648289766_4808771132654092288_o.jpg]
[hackspace.capital/userfls/news/medium/161_hackspacecapital-review-on-bitcryptonews.jpg]
[hackspace.capital/userfls/news/medium/160_boston---mesto-gde-rozhdayuts.jpg]
[hackspace.capital/userfls/news/medium/159_hackspace-capita-is-listed-on-coin-launcher-and-sc.jpg]
[hackspace.capital/newsmedia/news/page2.html]
[hackspace.capital/userfls/news/medium/153_boston-is-the-next-stop-of-our-cto-on-the-us-map.jpg]
[hackspace.capital/userfls/news/medium/146_great-meeting-with-founders-of-cryptobazar-fund.jpg]
[hackspace.capital/userfls/news/medium/145_startupgrind-global-conference.jpg]
[hackspace.capital/userfls/news/medium/144_la-adventures.jpg]
[hackspace.capital/userfls/news/medium/143_hello-from-los-angeles.jpg]
[hackspace.capital/userfls/news/medium/142_working-visit-to-czech-republic.jpg]
[hackspace.capital/newsmedia/news/page3.html]
[hackspace.capital/userfls/news/medium/141_the-9th-international-invention-fair-of-the-mid.jpg]
[hackspace.capital/userfls/news/medium/139_dekret-o-razvitii-tsifrovoy-.jpg]
[hackspace.capital/ico.html]
[hackspace.capital/userfls/news/medium/137_mobilnoe-prilozhenie-hackspace-.jpg]
[hackspace.capital/userfls/news/medium/138_delegation-of-kazakh-technology-park-visited-encat.jpg]
[hackspace.capital/userfls/news/medium/136_live.jpg]
[hackspace.capital/userfls/news/medium/132_redder---hardware-cryptocurrency-wallet.jpg]
[hackspace.capital/newsmedia/news/page4.html]
[hackspace.capital/userfls/news/medium/131_hackspace-capital-obyavlyaet-datu-vt.jpg]
[hackspace.capital/userfls/news/medium/124_a-day-in-the-engineering-catalyst.jpg]
[hackspace.capital/userfls/news/medium/15_seo-of-encata-gulf-hilal-al-shibli-visited-t.jpg]
[hackspace.capital/userfls/news/medium/84_cointelegraph-flashback.jpg]
[hackspace.capital/userfls/news/medium/93_smartpourer-is-smart-for-a-reason.png]
[hackspace.capital/userfls/news/medium/94_export-forum-2017-in-minsk.jpg]
[hackspace.capital/newsmedia/news/page5.html]
[hackspace.capital/userfls/news/medium/95_encata-and-hackspace-capital-proceed-its-extension.jpg]
[hackspace.capital/userfls/news/medium/82_-hac-token-has-been-listed-on-hitbtc.png]
[hackspace.capital/userfls/news/medium/81_smartpourer-is-on-its-way-to-kickstarter.jpg]
[hackspace.capital/userfls/news/medium/80_23316754_1736678373305894_6602979475036508181_n.jpg]
[hackspace.capital/userfls/news/medium/77_hackspace-capital-ctos-interview-with-anatoly-rad.png]
[hackspace.capital/userfls/news/medium/76_startup-grind.png]
[hackspace.capital/newsmedia/news/page6.html]
[hackspace.capital/userfls/news/medium/73_22852902_140682826569119_2823664000524907875_n.jpg]
[hackspace.capital/userfls/news/medium/72_-russian-meetup-in-vladivostok.jpg]
[hackspace.capital/userfls/news/medium/71_world-green-economy-summit.jpg]
[hackspace.capital/userfls/news/medium/16_in-october-an-international-suit-startup-contest-.jpg]
[hackspace.capital/newsmedia/news/first-working-prototype-of-smartpourer.html]
[hackspace.capital/userfls/news/medium/111_first-working-prototype-of-smartpourer.jpg]
[hackspace.capital/userfls/news/medium/112_encata-hardware-iotsci-tech-meetup.jpg]
[hackspace.capital/newsmedia/news/page7.html]
[hackspace.capital/userfls/news/medium/113_the-first-session-results.jpg]
[hackspace.capital/userfls/news/medium/114_upcoming-startup-of-hackspace-capital.jpg]
[hackspace.capital/userfls/news/medium/118_meet-our-main-partner---encata.jpg]
[hackspace.capital/newsmedia/news/page8.html]
[hackspace.capital/ru/service/proizvodstvo/shield.html]
[hackspace.capital/ru/service/category-1/singular.html]
[hackspace.capital/ru/service/category-1/ironlogic.html]
[hackspace.capital/ru/service/category-1/vironit.html]
[hackspace.capital/ru/service/category-2/innovax.html]
[hackspace.capital/ru/service/category-1/sotis.html]
[hackspace.capital/ru/service/category-3/samocat.html]
[hackspace.capital/ru/service/category-1/easy-standart.html]
[hackspace.capital/ru/service/category-2/promwad.html]
[hackspace.capital/ru/service/category-1/encata.html]
[hackspace.capital/ru/newsmedia/media/page2.html]
[hackspace.capital/ru/newsmedia/media/page3.html]
[hackspace.capital/ru/newsmedia/media/page4.html]
[hackspace.capital/ru/newsmedia/media/page5.html]
[hackspace.capital/ru/newsmedia/media/page6.html]
[hackspace.capital/ru/newsmedia/media.html]
[hackspace.capital/ru/newsmedia/news/page2.html]
[hackspace.capital/ru/newsmedia/news/page3.html]
[hackspace.capital/ru/newsmedia/news/delegation-of-kazakh-technology-park-visited-encat.html]
[hackspace.capital/ru/newsmedia/news/page4.html]
[hackspace.capital/userfls/news/medium/86_cointelegraph-o-hackspace-capital.jpg]
[hackspace.capital/userfls/news/medium/92_image.png]
[hackspace.capital/userfls/news/medium/91_23795845_1743011339339264_5053902701353898484_n.jpg]
[hackspace.capital/ru/newsmedia/news/page5.html]
[hackspace.capital/userfls/news/medium/97_encata-i-hackspace-capital-prodolzhayut-.jpg]
[hackspace.capital/userfls/news/medium/90_23658704_1741231879517210_1570977977720672174_n.jpg]
[hackspace.capital/userfls/news/medium/104_23376127_142735503030518_1072341687531379049_n.jpg]
[hackspace.capital/userfls/news/medium/99_image.png]
[hackspace.capital/userfls/news/medium/100_polnoe-intervyu-s-olegom-ko.jpg]
[hackspace.capital/userfls/news/medium/101_23434985_1738170696489995_5202153068508195226_n.png]
[hackspace.capital/ru/newsmedia/news/page6.html]
[hackspace.capital/userfls/news/medium/102_encata-okazyvaet-pomosch-molod.jpg]
[hackspace.capital/userfls/news/medium/105_startup-grind-fotootchet.jpg]
[hackspace.capital/userfls/news/medium/103_23319024_1736879869952411_7547963934417891389_n.png]
[hackspace.capital/userfls/news/medium/106_22814294_1732767817.jpg]
[hackspace.capital/userfls/news/medium/107_pitch-my-ico-s-anatoliem-radchenk.jpg]
[hackspace.capital/userfls/news/medium/89_startup-grind.jpg]
[hackspace.capital/ru/newsmedia/news/page7.html]
[hackspace.capital/userfls/news/medium/109_22852890_1733851070255291_1670674354018915876_n.jpg]
[hackspace.capital/userfls/news/medium/110_smartpourer---otchet-o-rabochem-pro.jpg]
[hackspace.capital/userfls/news/medium/88_russian-meetup-vo-vladivostoke.jpg]
[hackspace.capital/userfls/news/medium/115_22788913_1731665893807142_7116895507511405899_n.jpg]
[hackspace.capital/ru/newsmedia/news/page8.html]
[hackspace.capital/ru/newsmedia/news/izobretatelnyy-blokcheyn-pokoryaet-mir-hardware.html]
[hackspace.capital/userfls/news/large/147_cryptofeed-hackspace-capital-review.jpg]
[hackspace.capital/newsmedia/news/izobretatelnyy-blokcheyn-pokoryaet-mir-hardware.html]
[hackspace.capital/userfls/news/medium/48_a-new-forum-thread-about-hackspace-capital-on-cryp.jpg]
[hackspace.capital/userfls/news/medium/49_919.jpg]
[hackspace.capital/userfls/news/medium/47_.jpg]
[hackspace.capital/userfls/news/medium/65_khardvernye-innovatsii--et.jpg]
[hackspace.capital/userfls/news/medium/67_hackspace-capital.jpg]
[hackspace.capital/userfls/news/medium/62_hackspace.jpg]
[hackspace.capital/newsmedia/media/page2.html]
[hackspace.capital/userfls/news/medium/60_19-sentyabrya-investitsionnyy-.jpg]
[hackspace.capital/userfls/news/medium/52_investiruyte-v-tekhnologichn.jpg]
[hackspace.capital/userfls/news/medium/43_wanbizuhackspace-capital-ico.jpg]
[hackspace.capital/userfls/news/medium/35_forbes-ob-azhiotazhe-vokrug-ico-hac.jpg]
[hackspace.capital/userfls/news/medium/53_hackspace-capital-pomogaet-molodym-.jpg]
[hackspace.capital/userfls/news/medium/66_hackspace-capital-pomogaet-molodym-.jpg]
[hackspace.capital/newsmedia/media/page3.html]
[hackspace.capital/userfls/news/medium/36_kanal-pro-blockchain-o-hacksapce-capital.jpg]
[hackspace.capital/userfls/news/medium/64_19-sentyabrya-investitsionnyy-.jpg]
[hackspace.capital/userfls/news/medium/57_hackspace-capital.jpg]
[hackspace.capital/userfls/news/medium/44_press-reliz-hackspace-capital-na-happy.jpg]
[hackspace.capital/userfls/news/medium/40_.jpg]
[hackspace.capital/userfls/news/medium/45_obzor-ot-bitminer-hackspace-capital-ob.jpg]
[hackspace.capital/newsmedia/media/page4.html]
[hackspace.capital/userfls/news/medium/39_hackspace-capital.jpg]
[hackspace.capital/userfls/news/medium/41_hackspace-capital-calls-to-invest-in-the-future-an.jpg]
[hackspace.capital/userfls/news/medium/42_novosti-ot-happy-coin-hackspace-capital.jpg]
[hackspace.capital/userfls/news/medium/51_.jpg]
[hackspace.capital/userfls/news/medium/55_kuaibaohackspace-capital.jpg]
[hackspace.capital/userfls/news/medium/14_blockchain-to-hardware-welcome-to-the-future.jpg]
[hackspace.capital/newsmedia/media/page5.html]
[hackspace.capital/userfls/news/medium/38_blockchain-to-hardware-welcome-to-the-future.jpg]
[hackspace.capital/userfls/news/medium/63_hardware-innovations.jpg]
[hackspace.capital/userfls/news/medium/37_hackspace-capital-set-to-revolutionize-crowdfundin.jpg]
[hackspace.capital/newsmedia/media/page6.html]
[hackspace.capital/ru/ico.html]
[cdnjs.cloudflare.com/ajax/libs/Chart.js/2.7.1/Chart.bundle.min.js]
[hackspace.capital/ico-chart-bg.svg]
[hackspace.capital/direct_img/logo/coincodex.png]
[hackspace.capital/direct_img/logo/logo-bold-comare.png]
[hackspace.capital/direct_img/logo/coinmarketcap.png]
[hackspace.capital/direct_img/logo/cryptoslate.png]
[hackspace.capital/direct_img/logo/hitbtc_fixed_hw.png]
[hackspace.capital/direct_img/logo/yobit_fixed_hw.png]
[hackspace.capital/direct_img/logo/cryptopia_fixed_hw.png]
[hackspace.capital/direct_img/logo/mercatox_fixed_hw.png]
[hackspace.capital/direct_img/logo/fubt_fixed_hw.png]
[hackspace.capital/direct_img/logo/lg/vice.png]
[hackspace.capital/direct_img/logo/lg/forbes.png]
[hackspace.capital/direct_img/logo/lg/vcru.png]
[hackspace.capital/direct_img/logo/lg/cointelegraph.png]
[hackspace.capital/direct_img/logo/lg/coinidol.png]
[hackspace.capital/direct_img/logo/lg/forklog.png]
[hackspace.capital/direct_img/logo/lg/rambler.png]
[hackspace.capital/direct_img/logo/lg/problockchain1.png]
[hackspace.capital/direct_img/logo/lg/steemit.png]
[hackspace.capital/direct_img/logo/lg/cryptomania1.png]
[hackspace.capital/direct_img/logo/lg/ncc.png]
[hackspace.capital/direct_img/logo/lg/rubase.png]
[hackspace.capital/custom/2017/images/how_we_work_en.svg]
[hackspace.capital/custom/2017/images/encata.svg]
[hackspace.capital/hac-token.html]
[hackspace.capital/ico.html]
[hackspace.capital/services/index.html]
[hackspace.capital/userfls/news/large/111_first-working-prototype-of-smartpourer.jpg]
[hackspace.capital/newsmedia/news/first-working-prototype-of-smartpourer.html]
[hackspace.capital/ru/newsmedia/media/page2.html]
[hackspace.capital/ru/newsmedia/media/page3.html]
[hackspace.capital/ru/newsmedia/media/page4.html]
[hackspace.capital/ru/newsmedia/media/page5.html]
[hackspace.capital/ru/newsmedia/media/page6.html]
[hackspace.capital/store/index.html]
[hackspace.capital/newsmedia/news/delegation-of-kazakh-technology-park-visited-encat.html]
[hackspace.capital/userfls/news/large/138_delegation-of-kazakh-technology-park-visited-encat.jpg]
[hackspace.capital/ru/newsmedia/news/delegation-of-kazakh-technology-park-visited-encat.html]
[hackspace.capital/ru/newsmedia/news/izobretatelnyy-blokcheyn-pokoryaet-mir-hardware.html]
[hackspace.capital/ru/ico-chart-bg.svg]
[hackspace.capital/custom/2017/images/how_we_work_rus.svg]
[hackspace.capital/ru/services/index.html]
[hackspace.capital/ru/hac-token.html]
[hackspace.capital/ru/ico.html]
[hackspace.capital/ico-chart-bg.html]
[hackspace.capital/services/index.html]
[hackspace.capital/ru/store/index.html]
[hackspace.capital/store.html]
[hackspace.capital/store/index.html]
[hackspace.capital/custom/2017/images/how_we_work_en.svg]
[hackspace.capital/custom/2017/images/encata.svg]
[hackspace.capital/userfls/tmp/9c4ee0011c.jpg]
[hackspace.capital/userfls/bs/bez-imeni-2_15.jpg]
[hackspace.capital/userfls/bs/2_2.jpg]
[hackspace.capital/userfls/bs/11_10.jpg]
[hackspace.capital/userfls/bs/15_14.jpg]
[hackspace.capital/userfls/bs/9_8.jpg]
[hackspace.capital/userfls/bs/6_5.jpg]
[hackspace.capital/userfls/bs/13_12.jpg]
[hackspace.capital/userfls/bs/5_4.jpg]
[hackspace.capital/userfls/bs/12_11.jpg]
[hackspace.capital/userfls/bs/7_6.jpg]
[hackspace.capital/userfls/bs/8_7.jpg]
[hackspace.capital/userfls/bs/1_1.jpg]
[hackspace.capital/userfls/bs/10_9.jpg]
[hackspace.capital/userfls/bs/4_3.jpg]
[hackspace.capital/userfls/bs/14_13.jpg]
[hackspace.capital/userfls/tmp/h1.png]
[hackspace.capital/userfls/editor/large/123_hackstarter_en.png]
[hackspace.capital/hac-token.html]
[hackspace.capital/newsmedia/news/delegation-of-kazakh-technology-park-visited-encat.html]
[hackspace.capital/ru/ico-chart-bg.html]
[hackspace.capital/ru/services/index.html]
[hackspace.capital/ru/store.html]
[hackspace.capital/ru/store/index.html]
[hackspace.capital/custom/2017/images/how_we_work_rus.svg]
[hackspace.capital/userfls/editor/large/121_buy_for_rus.png]
[hackspace.capital/userfls/editor/large/122_hackstarter_rus.png]
[hackspace.capital/ru/hac-token.html]
[hackspace.capital/store.html]
[hackspace.capital/ru/store.html]
